18:18:55 **** Incremental Build of configuration Debug for project Ex3_4_5 ****
make -j16 all 
arm-none-eabi-gcc "../Core/Src/main.c" -mcpu=cortex-m3 -std=gnu11 -g3 -DDEBUG -DUSE_HAL_DRIVER -DSTM32F103x6 -c -I../Core/Inc -I../Drivers/STM32F1xx_HAL_Driver/Inc -I../Drivers/STM32F1xx_HAL_Driver/Inc/Legacy -I../Drivers/CMSIS/Device/ST/STM32F1xx/Include -I../Drivers/CMSIS/Include -O0 -ffunction-sections -fdata-sections -Wall -fstack-usage -MMD -MP -MF"Core/Src/main.d" -MT"Core/Src/main.o" --specs=nano.specs -mfloat-abi=soft -mthumb -o "Core/Src/main.o"
arm-none-eabi-gcc -o "Ex3_4_5.elf" @"objects.list"   -mcpu=cortex-m3 -T"E:\Semester 231\Microcontroller-Microprocessor\PracticeLab\Lab 1\Exercise 3_4_5\Ex3_4_5\STM32F103C6UX_FLASH.ld" --specs=nosys.specs -Wl,-Map="Ex3_4_5.map" -Wl,--gc-sections -static --specs=nano.specs -mfloat-abi=soft -mthumb -Wl,--start-group -lc -lm -Wl,--end-group
Finished building target: Ex3_4_5.elf
 
arm-none-eabi-size   Ex3_4_5.elf 
arm-none-eabi-objdump -h -S  Ex3_4_5.elf  > "Ex3_4_5.list"
arm-none-eabi-objcopy  -O ihex  Ex3_4_5.elf  "Ex3_4_5.hex"
   text	   data	    bss	    dec	    hex	filename
   5828	     20	   1572	   7420	   1cfc	Ex3_4_5.elf
arm-none-eabi-objcopy  -O binary  Ex3_4_5.elf  "Ex3_4_5.bin"
Finished building: default.size.stdout
 
Finished building: Ex3_4_5.hex
Finished building: Ex3_4_5.bin
 
Finished building: Ex3_4_5.list
 
 

18:18:56 Build Finished. 0 errors, 0 warnings. (took 643ms)

